// Jest Snapshot v1, https://goo.gl/fbAQLP

exports[`Checkbox should render correctly 1`] = `
<div
  className="checkbox"
  role="checkbox"
  style={
    {
      "background": "transparent",
      "color": "#ff0404",
    }
  }
>
  x
</div>
`;
