// Jest Snapshot v1, https://goo.gl/fbAQLP

exports[`RemoveButton should render correctly 1`] = `
<button
  className="remove-button"
  data-testid="remove-button"
  type="button"
>
  x
</button>
`;
